Windows PowerShell
Copyright (C) Microsoft Corporation. All rights reserved.

PS C:\Users\User\DatingApp\DatingApp.API> dotnet tool install --global dotnet-ef
Tool 'dotnet-ef' is already installed.
PS C:\Users\User\DatingApp\DatingApp.API> dotnet tool uninstall --global dotnet-ef
Tool 'dotnet-ef' (version '3.1.2') was successfully uninstalled.
PS C:\Users\User\DatingApp\DatingApp.API> dotnet tool install --global dotnet-ef
error NU1202: Package dotnet-ef 3.1.2 is not compatible with netcoreapp3.0 (.NETCoreApp,Version=v3.0) / any. Package dotnet-ef 3.1.2 supports: netcoreapp3.1 (.NETCoreApp,Version=v3.1) / any
The tool package could not be restored.
Tool 'dotnet-ef' failed to install. This failure may have been caused by:

* You are attempting to install a preview release and did not use the --version option to specify the version.
* A package by this name was found, but it was not a .NET Core tool.
* The required NuGet feed cannot be accessed, perhaps because of an Internet connection problem.
* You mistyped the name of the tool.

For more reasons, including package naming enforcement, visit https://aka.ms/failure-installing-tool
PS C:\Users\User\DatingApp\DatingApp.API> dot net tool --global dotnet-ef --version 3.0.0
dot : The term 'dot' is not recognized as the name of a cmdlet, function, script file, or operable program. Check the spelling of the name, or 
if a path was included, verify that the path is correct and try again.
At line:1 char:1
+ dot net tool --global dotnet-ef --version 3.0.0
+ ~~~
    + CategoryInfo          : ObjectNotFound: (dot:String) [], CommandNotFoundException
    + FullyQualifiedErrorId : CommandNotFoundException
 
PS C:\Users\User\DatingApp\DatingApp.API> dotnet tool install --global dotnet-ef --version 3.0.0
You can invoke the tool using the following command: dotnet-ef
Tool 'dotnet-ef' (version '3.0.0') was successfully installed.
PS C:\Users\User\DatingApp\DatingApp.API> dotnet ef -h
Entity Framework Core .NET Command-line Tools 3.0.0

Usage: dotnet ef [options] [command]

Options:
  --version        Show version information
  -h|--help        Show help information
  -v|--verbose     Show verbose output.
  --no-color       Don't colorize output.
  --prefix-output  Prefix output with level.

Commands:
  database    Commands to manage the database.
  dbcontext   Commands to manage DbContext types.
  migrations  Commands to manage migrations.

Use "dotnet ef [command] --help" for more information about a command.
PS C:\Users\User\DatingApp\DatingApp.API> dotnet ef migrations -h


Usage: dotnet ef migrations [options] [command]

Options:
  -h|--help        Show help information
  -v|--verbose     Show verbose output.
  --no-color       Don't colorize output.
  --prefix-output  Prefix output with level.

Commands:
  add     Adds a new migration.
  list    Lists available migrations.
  remove  Removes the last migration.
  script  Generates a SQL script from migrations.

Use "migrations [command] --help" for more information about a command.
PS C:\Users\User\DatingApp\DatingApp.API> dotnet ef migrations add InitialCreate
Your startup project 'DatingApp.API' doesn't reference Microsoft.EntityFrameworkCore.Design. This package is required for the Entity Framework Core Tools to work. Ensure your startup project is correct, install the package, and try again.
PS C:\Users\User\DatingApp\DatingApp.API> dotnet ef migrations add InitialCreate
info: Microsoft.EntityFrameworkCore.Infrastructure[10403]
      Entity Framework Core 3.0.0 initialized 'DataContext' using provider 'Microsoft.EntityFrameworkCore.Sqlite' with options: None
Done. To undo this action, use 'ef migrations remove'
PS C:\Users\User\DatingApp\DatingApp.API> dotnet ef database update
info: Microsoft.EntityFrameworkCore.Infrastructure[10403]
      Entity Framework Core 3.0.0 initialized 'DataContext' using provider 'Microsoft.EntityFrameworkCore.Sqlite' with options: None
info: Microsoft.EntityFrameworkCore.Database.Command[20100]
      Executing DbCommand [Parameters=[], CommandType='Text', CommandTimeout='30']
      PRAGMA journal_mode = 'wal';
Executing DbCommand [Parameters=[], CommandType='Text', CommandTimeout='30']
PRAGMA journal_mode = 'wal';
Executing DbCommand [Parameters=[], CommandType='Text', CommandTimeout='30']
CREATE TABLE "__EFMigrationsHistory" (
    "MigrationId" TEXT NOT NULL CONSTRAINT "PK___EFMigrationsHistory" PRIMARY KEY,
    "ProductVersion" TEXT NOT NULL
);
info: Microsoft.EntityFrameworkCore.Database.Command[20100]
      Executing DbCommand [Parameters=[], CommandType='Text', CommandTimeout='30']
      CREATE TABLE "__EFMigrationsHistory" (
          "MigrationId" TEXT NOT NULL CONSTRAINT "PK___EFMigrationsHistory" PRIMARY KEY,
          "ProductVersion" TEXT NOT NULL
      );
Executing DbCommand [Parameters=[], CommandType='Text', CommandTimeout='30']
SELECT COUNT(*) FROM "sqlite_master" WHERE "name" = '__EFMigrationsHistory' AND "type" = 'table';
info: Microsoft.EntityFrameworkCore.Database.Command[20100]
      Executing DbCommand [Parameters=[], CommandType='Text', CommandTimeout='30']
      SELECT COUNT(*) FROM "sqlite_master" WHERE "name" = '__EFMigrationsHistory' AND "type" = 'table';
infoExecuting DbCommand [Parameters=[], CommandType='Text', CommandTimeout='30']
SELECT "MigrationId", "ProductVersion"
FROM "__EFMigrationsHistory"
ORDER BY "MigrationId";
: Microsoft.EntityFrameworkCore.Database.Command[20100]
      Executing DbCommand [Parameters=[], CommandType='Text', CommandTimeout='30']
      SELECT "MigrationId", "ProductVersion"
      FROM "__EFMigrationsHistory"
      ORDER BY "MigrationId";
info: Microsoft.EntityFrameworkCore.Migrations[20402]
      Applying migration '20200309221315_InitialCreate'.
Applying migration '20200309221315_InitialCreate'.
Executing DbCommand [Parameters=[], CommandType='Text', CommandTimeout='30']
CREATE TABLE "Values" (
    "Id" INTEGER NOT NULL CONSTRAINT "PK_Values" PRIMARY KEY AUTOINCREMENT,
    "Name" TEXT NULL
);
info: Microsoft.EntityFrameworkCore.Database.Command[20100]
      Executing DbCommand [Parameters=[], CommandType='Text', CommandTimeout='30']
      CREATE TABLE "Values" (
          "Id" INTEGER NOT NULL CONSTRAINT "PK_Values" PRIMARY KEY AUTOINCREMENT,
          "Name" TEXT NULL
      );
Executing DbCommand [Parameters=[], CommandType='Text', CommandTimeout='30']
INSERT INTO "__EFMigrationsHistory" ("MigrationId", "ProductVersion")
VALUES ('20200309221315_InitialCreate', '3.0.0');
info: Microsoft.EntityFrameworkCore.Database.Command[20100]
      Executing DbCommand [Parameters=[], CommandType='Text', CommandTimeout='30']
      INSERT INTO "__EFMigrationsHistory" ("MigrationId", "ProductVersion")
      VALUES ('20200309221315_InitialCreate', '3.0.0');
Done.
PS C:\Users\User\DatingApp\DatingApp.API> dotnet watch run
watch : Started
info: Microsoft.Hosting.Lifetime[0]
      Now listening on: http://localhost:5000
info: Microsoft.Hosting.Lifetime[0]
      Application started. Press Ctrl+C to shut down.
info: Microsoft.Hosting.Lifetime[0]
      Hosting environment: Development
info: Microsoft.Hosting.Lifetime[0]
      Content root path: C:\Users\User\DatingApp\DatingApp.API
info: Microsoft.AspNetCore.Hosting.Diagnostics[1]
      Request starting HTTP/1.1 GET http://localhost:5000/api/values
info: Microsoft.AspNetCore.Routing.EndpointMiddleware[0]
      Executing endpoint 'DatingApp.API.Controllers.ValuesController.GetValues (DatingApp.API)'
info: Microsoft.AspNetCore.Mvc.Infrastructure.ControllerActionInvoker[3]
      Route matched with {action = "GetValues", controller = "Values"}. Executing controller action with signature Microsoft.AspNetCore.Mvc.IActionResult GetValues() on controller DatingApp.API.Controllers.ValuesController (DatingApp.API).
info: Microsoft.EntityFrameworkCore.Infrastructure[10403]
      Entity Framework Core 3.0.0 initialized 'DataContext' using provider 'Microsoft.EntityFrameworkCore.Sqlite' with options: None
info: Microsoft.EntityFrameworkCore.Database.Command[20100]
      Executing DbCommand [Parameters=[], CommandType='Text', CommandTimeout='30']
      SELECT "v"."Id", "v"."Name"
      FROM "Values" AS "v"
info: Microsoft.AspNetCore.Mvc.Infrastructure.ObjectResultExecutor[1]
      Executing ObjectResult, writing value of type 'System.Collections.Generic.List`1[[DatingApp.API.Controllers.Models.Value, DatingApp.API, Version=1.0.0.0, Culture=neutral, PublicKeyToken=null]]'.
info: Microsoft.AspNetCore.Mvc.Infrastructure.ControllerActionInvoker[2]
      Executed action DatingApp.API.Controllers.ValuesController.GetValues (DatingApp.API) in 1233.8462ms
info: Microsoft.AspNetCore.Routing.EndpointMiddleware[1]
      Executed endpoint 'DatingApp.API.Controllers.ValuesController.GetValues (DatingApp.API)'
info: Microsoft.AspNetCore.Hosting.Diagnostics[2]
      Request finished in 1412.1428ms 200 application/json; charset=utf-8
info: Microsoft.AspNetCore.Hosting.Diagnostics[1]
      Request starting HTTP/1.1 GET http://localhost:5000/api/values/2
info: Microsoft.AspNetCore.Routing.EndpointMiddleware[0]
      Executing endpoint 'DatingApp.API.Controllers.ValuesController.GetValue (DatingApp.API)'
info: Microsoft.AspNetCore.Mvc.Infrastructure.ControllerActionInvoker[3]
      Route matched with {action = "GetValue", controller = "Values"}. Executing controller action with signature Microsoft.AspNetCore.Mvc.IActionResult GetValue(Int32) on controller DatingApp.API.Controllers.ValuesController (DatingApp.API).
info: Microsoft.EntityFrameworkCore.Infrastructure[10403]
      Entity Framework Core 3.0.0 initialized 'DataContext' using provider 'Microsoft.EntityFrameworkCore.Sqlite' with options: None
info: Microsoft.EntityFrameworkCore.Database.Command[20100]
      Executing DbCommand [Parameters=[@__id_0='?'], CommandType='Text', CommandTimeout='30']
      SELECT "v"."Id", "v"."Name"
      FROM "Values" AS "v"
      WHERE ("v"."Id" = @__id_0) AND @__id_0 IS NOT NULL
      LIMIT 1
info: Microsoft.AspNetCore.Mvc.Infrastructure.ObjectResultExecutor[1]
      Executing ObjectResult, writing value of type 'DatingApp.API.Controllers.Models.Value'.
info: Microsoft.AspNetCore.Mvc.Infrastructure.ControllerActionInvoker[2]
      Executed action DatingApp.API.Controllers.ValuesController.GetValue (DatingApp.API) in 254.799ms
info: Microsoft.AspNetCore.Routing.EndpointMiddleware[1]
      Executed endpoint 'DatingApp.API.Controllers.ValuesController.GetValue (DatingApp.API)'
info: Microsoft.AspNetCore.Hosting.Diagnostics[2]
      Request finished in 305.6213ms 200 application/json; charset=utf-8
info: Microsoft.AspNetCore.Hosting.Diagnostics[1]
      Request starting HTTP/1.1 GET http://localhost:5000/api/values/25
info: Microsoft.AspNetCore.Routing.EndpointMiddleware[0]
      Executing endpoint 'DatingApp.API.Controllers.ValuesController.GetValue (DatingApp.API)'
info: Microsoft.AspNetCore.Mvc.Infrastructure.ControllerActionInvoker[3]
      Route matched with {action = "GetValue", controller = "Values"}. Executing controller action with signature Microsoft.AspNetCore.Mvc.IActionResult GetValue(Int32) on controller DatingApp.API.Controllers.ValuesController (DatingApp.API).
info: Microsoft.EntityFrameworkCore.Infrastructure[10403]
      Entity Framework Core 3.0.0 initialized 'DataContext' using provider 'Microsoft.EntityFrameworkCore.Sqlite' with options: None
info: Microsoft.EntityFrameworkCore.Database.Command[20100]
      Executing DbCommand [Parameters=[@__id_0='?'], CommandType='Text', CommandTimeout='30']
      SELECT "v"."Id", "v"."Name"
      FROM "Values" AS "v"
      WHERE ("v"."Id" = @__id_0) AND @__id_0 IS NOT NULL
      LIMIT 1
info: Microsoft.AspNetCore.Mvc.Infrastructure.ObjectResultExecutor[1]
      Executing ObjectResult, writing value of type 'null'.
info: Microsoft.AspNetCore.Mvc.Infrastructure.ControllerActionInvoker[2]
      Executed action DatingApp.API.Controllers.ValuesController.GetValue (DatingApp.API) in 57.928000000000004ms
info: Microsoft.AspNetCore.Routing.EndpointMiddleware[1]
      Executed endpoint 'DatingApp.API.Controllers.ValuesController.GetValue (DatingApp.API)'
info: Microsoft.AspNetCore.Hosting.Diagnostics[2]
      Request finished in 60.745000000000005ms 204
watch : Exited
watch : File changed: C:\Users\User\DatingApp\DatingApp.API\Controllers\ValuesController.cs
watch : Started
info: Microsoft.Hosting.Lifetime[0]
      Now listening on: http://localhost:5000
info: Microsoft.Hosting.Lifetime[0]
      Application started. Press Ctrl+C to shut down.
info: Microsoft.Hosting.Lifetime[0]
      Hosting environment: Development
info: Microsoft.Hosting.Lifetime[0]
      Content root path: C:\Users\User\DatingApp\DatingApp.API
info: Microsoft.AspNetCore.Hosting.Diagnostics[1]
      Request starting HTTP/1.1 GET http://localhost:5000/api/values
info: Microsoft.AspNetCore.Routing.EndpointMiddleware[0]
      Executing endpoint 'DatingApp.API.Controllers.ValuesController.GetValues (DatingApp.API)'
info: Microsoft.AspNetCore.Mvc.Infrastructure.ControllerActionInvoker[3]
      Route matched with {action = "GetValues", controller = "Values"}. Executing controller action with signature System.Threading.Tasks.Task`1[Microsoft.AspNetCore.Mvc.IActionResult] GetValues() on controller DatingApp.API.Controllers.ValuesController (DatingApp.API).
info: Microsoft.EntityFrameworkCore.Infrastructure[10403]
      Entity Framework Core 3.0.0 initialized 'DataContext' using provider 'Microsoft.EntityFrameworkCore.Sqlite' with options: None
info: Microsoft.EntityFrameworkCore.Database.Command[20100]
      Executing DbCommand [Parameters=[], CommandType='Text', CommandTimeout='30']
      SELECT "v"."Id", "v"."Name"
      FROM "Values" AS "v"
info: Microsoft.AspNetCore.Mvc.Infrastructure.ObjectResultExecutor[1]
      Executing ObjectResult, writing value of type 'System.Collections.Generic.List`1[[DatingApp.API.Controllers.Models.Value, DatingApp.API, Version=1.0.0.0, Culture=neutral, PublicKeyToken=null]]'.
info: Microsoft.AspNetCore.Mvc.Infrastructure.ControllerActionInvoker[2]
      Executed action DatingApp.API.Controllers.ValuesController.GetValues (DatingApp.API) in 1423.0242ms
info: Microsoft.AspNetCore.Routing.EndpointMiddleware[1]
      Executed endpoint 'DatingApp.API.Controllers.ValuesController.GetValues (DatingApp.API)'
info: Microsoft.AspNetCore.Hosting.Diagnostics[2]
      Request finished in 1675.1964ms 200 application/json; charset=utf-8
info: Microsoft.AspNetCore.Hosting.Diagnostics[1]
      Request starting HTTP/1.1 GET http://localhost:5000/api/values/3
info: Microsoft.AspNetCore.Routing.EndpointMiddleware[0]
      Executing endpoint 'DatingApp.API.Controllers.ValuesController.GetValue (DatingApp.API)'
info: Microsoft.AspNetCore.Mvc.Infrastructure.ControllerActionInvoker[3]
      Route matched with {action = "GetValue", controller = "Values"}. Executing controller action with signature System.Threading.Tasks.Task`1[Microsoft.AspNetCore.Mvc.IActionResult] GetValue(Int32) on controller DatingApp.API.Controllers.ValuesController (DatingApp.API).
info: Microsoft.EntityFrameworkCore.Infrastructure[10403]
      Entity Framework Core 3.0.0 initialized 'DataContext' using provider 'Microsoft.EntityFrameworkCore.Sqlite' with options: None
info: Microsoft.EntityFrameworkCore.Database.Command[20100]
      Executing DbCommand [Parameters=[@__id_0='?'], CommandType='Text', CommandTimeout='30']
      SELECT "v"."Id", "v"."Name"
      FROM "Values" AS "v"
      WHERE ("v"."Id" = @__id_0) AND @__id_0 IS NOT NULL
      LIMIT 1
info: Microsoft.AspNetCore.Mvc.Infrastructure.ObjectResultExecutor[1]
      Executing ObjectResult, writing value of type 'DatingApp.API.Controllers.Models.Value'.
info: Microsoft.AspNetCore.Mvc.Infrastructure.ControllerActionInvoker[2]
      Executed action DatingApp.API.Controllers.ValuesController.GetValue (DatingApp.API) in 241.3913ms
info: Microsoft.AspNetCore.Routing.EndpointMiddleware[1]
      Executed endpoint 'DatingApp.API.Controllers.ValuesController.GetValue (DatingApp.API)'
info: Microsoft.AspNetCore.Hosting.Diagnostics[2]
      Request finished in 288.21090000000004ms 200 application/json; charset=utf-8
info: Microsoft.AspNetCore.Hosting.Diagnostics[1]
      Request starting HTTP/1.1 GET http://localhost:5000/api/values/12
info: Microsoft.AspNetCore.Routing.EndpointMiddleware[0]
      Executing endpoint 'DatingApp.API.Controllers.ValuesController.GetValue (DatingApp.API)'
info: Microsoft.AspNetCore.Mvc.Infrastructure.ControllerActionInvoker[3]
      Route matched with {action = "GetValue", controller = "Values"}. Executing controller action with signature System.Threading.Tasks.Task`1[Microsoft.AspNetCore.Mvc.IActionResult] GetValue(Int32) on controller DatingApp.API.Controllers.ValuesController (DatingApp.API).
info: Microsoft.EntityFrameworkCore.Infrastructure[10403]
      Entity Framework Core 3.0.0 initialized 'DataContext' using provider 'Microsoft.EntityFrameworkCore.Sqlite' with options: None
info: Microsoft.EntityFrameworkCore.Database.Command[20100]
      Executing DbCommand [Parameters=[@__id_0='?'], CommandType='Text', CommandTimeout='30']
      SELECT "v"."Id", "v"."Name"
      FROM "Values" AS "v"
      WHERE ("v"."Id" = @__id_0) AND @__id_0 IS NOT NULL
      LIMIT 1
info: Microsoft.AspNetCore.Mvc.Infrastructure.ObjectResultExecutor[1]
      Executing ObjectResult, writing value of type 'null'.
info: Microsoft.AspNetCore.Mvc.Infrastructure.ControllerActionInvoker[2]
      Executed action DatingApp.API.Controllers.ValuesController.GetValue (DatingApp.API) in 87.49390000000001ms
info: Microsoft.AspNetCore.Routing.EndpointMiddleware[1]
      Executed endpoint 'DatingApp.API.Controllers.ValuesController.GetValue (DatingApp.API)'
info: Microsoft.AspNetCore.Hosting.Diagnostics[2]
      Request finished in 90.52560000000001ms 204
info: Microsoft.AspNetCore.Hosting.Diagnostics[1]
      Request starting HTTP/1.1 GET http://localhost:5000/api/values
info: Microsoft.AspNetCore.Routing.EndpointMiddleware[0]
      Executing endpoint 'DatingApp.API.Controllers.ValuesController.GetValues (DatingApp.API)'
info: Microsoft.AspNetCore.Mvc.Infrastructure.ControllerActionInvoker[3]
      Route matched with {action = "GetValues", controller = "Values"}. Executing controller action with signature System.Threading.Tasks.Task`1[Microsoft.AspNetCore.Mvc.IActionResult] GetValues() on controller DatingApp.API.Controllers.ValuesController (DatingApp.API).
info: Microsoft.EntityFrameworkCore.Infrastructure[10403]
      Entity Framework Core 3.0.0 initialized 'DataContext' using provider 'Microsoft.EntityFrameworkCore.Sqlite' with options: None
info: Microsoft.EntityFrameworkCore.Database.Command[20100]
      Executing DbCommand [Parameters=[], CommandType='Text', CommandTimeout='30']
      SELECT "v"."Id", "v"."Name"
      FROM "Values" AS "v"
info: Microsoft.AspNetCore.Mvc.Infrastructure.ObjectResultExecutor[1]
      Executing ObjectResult, writing value of type 'System.Collections.Generic.List`1[[DatingApp.API.Controllers.Models.Value, DatingApp.API, Version=1.0.0.0, Culture=neutral, PublicKeyToken=null]]'.
info: Microsoft.AspNetCore.Mvc.Infrastructure.ControllerActionInvoker[2]
      Executed action DatingApp.API.Controllers.ValuesController.GetValues (DatingApp.API) in 21.0057ms
info: Microsoft.AspNetCore.Routing.EndpointMiddleware[1]
      Executed endpoint 'DatingApp.API.Controllers.ValuesController.GetValues (DatingApp.API)'
info: Microsoft.AspNetCore.Hosting.Diagnostics[2]
      Request finished in 23.4782ms 200 application/json; charset=utf-8
info: Microsoft.Hosting.Lifetime[0]
      Application is shutting down...
watch : Shutdown requested. Press Ctrl+C again to force exit.
watch : Exited